../../../demo/pred/cls/output/000001
../../../demo/pred/cls/output/000002
../../../demo/pred/cls/output/000003
../../../demo/pred/cls/output/000004
../../../demo/pred/cls/output/000005
../../../demo/pred/cls/output/000006
../../../demo/pred/cls/output/000007
../../../demo/pred/cls/output/000008
../../../demo/pred/cls/output/000009
../../../demo/pred/cls/output/000010
../../../demo/pred/cls/output/000011
../../../demo/pred/cls/output/000012
../../../demo/pred/cls/output/000013
../../../demo/pred/cls/output/000014
../../../demo/pred/cls/output/000015
../../../demo/pred/cls/output/000016
../../../demo/pred/cls/output/000017
../../../demo/pred/cls/output/000018
../../../demo/pred/cls/output/000019
../../../demo/pred/cls/output/000020
../../../demo/pred/cls/output/000021
../../../demo/pred/cls/output/000022
../../../demo/pred/cls/output/000023
../../../demo/pred/cls/output/000024
../../../demo/pred/cls/output/000025
../../../demo/pred/cls/output/000026
../../../demo/pred/cls/output/000027
../../../demo/pred/cls/output/000028
../../../demo/pred/cls/output/000029
../../../demo/pred/cls/output/000030
../../../demo/pred/cls/output/000031
../../../demo/pred/cls/output/000032
../../../demo/pred/cls/output/000033
../../../demo/pred/cls/output/000034
../../../demo/pred/cls/output/000035
../../../demo/pred/cls/output/000036
../../../demo/pred/cls/output/000037
../../../demo/pred/cls/output/000038
../../../demo/pred/cls/output/000039
../../../demo/pred/cls/output/000040
../../../demo/pred/cls/output/000041
../../../demo/pred/cls/output/000042
../../../demo/pred/cls/output/000043
../../../demo/pred/cls/output/000044
../../../demo/pred/cls/output/000045
../../../demo/pred/cls/output/000046
../../../demo/pred/cls/output/000047
../../../demo/pred/cls/output/000048
../../../demo/pred/cls/output/000049
../../../demo/pred/cls/output/000050
../../../demo/pred/cls/output/000051
../../../demo/pred/cls/output/000052
../../../demo/pred/cls/output/000053
../../../demo/pred/cls/output/000054
../../../demo/pred/cls/output/000055
../../../demo/pred/cls/output/000056
../../../demo/pred/cls/output/000057
../../../demo/pred/cls/output/000058
../../../demo/pred/cls/output/000059
../../../demo/pred/cls/output/000060
../../../demo/pred/cls/output/000061
../../../demo/pred/cls/output/000062
../../../demo/pred/cls/output/000063
../../../demo/pred/cls/output/000064
../../../demo/pred/cls/output/000065
../../../demo/pred/cls/output/000066
../../../demo/pred/cls/output/000067
../../../demo/pred/cls/output/000068
../../../demo/pred/cls/output/000069
../../../demo/pred/cls/output/000070
../../../demo/pred/cls/output/000071
../../../demo/pred/cls/output/000072
../../../demo/pred/cls/output/000073
../../../demo/pred/cls/output/000074
../../../demo/pred/cls/output/000075
../../../demo/pred/cls/output/000076
../../../demo/pred/cls/output/000077
../../../demo/pred/cls/output/000078
../../../demo/pred/cls/output/000079
../../../demo/pred/cls/output/000080
../../../demo/pred/cls/output/000081
../../../demo/pred/cls/output/000082
../../../demo/pred/cls/output/000083
../../../demo/pred/cls/output/000084
../../../demo/pred/cls/output/000085
../../../demo/pred/cls/output/000086
../../../demo/pred/cls/output/000087
../../../demo/pred/cls/output/000088
../../../demo/pred/cls/output/000089
../../../demo/pred/cls/output/000090
../../../demo/pred/cls/output/000091
../../../demo/pred/cls/output/000092
../../../demo/pred/cls/output/000093
../../../demo/pred/cls/output/000094
../../../demo/pred/cls/output/000095
../../../demo/pred/cls/output/000096
../../../demo/pred/cls/output/000097
../../../demo/pred/cls/output/000098
../../../demo/pred/cls/output/000099
../../../demo/pred/cls/output/000100
../../../demo/pred/cls/output/000101
../../../demo/pred/cls/output/000102
../../../demo/pred/cls/output/000103
../../../demo/pred/cls/output/000104
../../../demo/pred/cls/output/000105
../../../demo/pred/cls/output/000106
../../../demo/pred/cls/output/000107
../../../demo/pred/cls/output/000108
../../../demo/pred/cls/output/000109
../../../demo/pred/cls/output/000110
../../../demo/pred/cls/output/000111
../../../demo/pred/cls/output/000112
../../../demo/pred/cls/output/000113
../../../demo/pred/cls/output/000114
../../../demo/pred/cls/output/000115
../../../demo/pred/cls/output/000116
../../../demo/pred/cls/output/000117
../../../demo/pred/cls/output/000118
../../../demo/pred/cls/output/000119
../../../demo/pred/cls/output/000120
../../../demo/pred/cls/output/000121
../../../demo/pred/cls/output/000122
../../../demo/pred/cls/output/000123
../../../demo/pred/cls/output/000124
../../../demo/pred/cls/output/000125
../../../demo/pred/cls/output/000126
../../../demo/pred/cls/output/000127
../../../demo/pred/cls/output/000128
../../../demo/pred/cls/output/000129
../../../demo/pred/cls/output/000130
../../../demo/pred/cls/output/000131
../../../demo/pred/cls/output/000132
../../../demo/pred/cls/output/000133
../../../demo/pred/cls/output/000134
../../../demo/pred/cls/output/000135
../../../demo/pred/cls/output/000136
../../../demo/pred/cls/output/000137
../../../demo/pred/cls/output/000138
../../../demo/pred/cls/output/000139
../../../demo/pred/cls/output/000140
../../../demo/pred/cls/output/000141
../../../demo/pred/cls/output/000142
../../../demo/pred/cls/output/000143
../../../demo/pred/cls/output/000144
../../../demo/pred/cls/output/000145
../../../demo/pred/cls/output/000146
../../../demo/pred/cls/output/000147
../../../demo/pred/cls/output/000148
../../../demo/pred/cls/output/000149
../../../demo/pred/cls/output/000150
../../../demo/pred/cls/output/000151
../../../demo/pred/cls/output/000152
../../../demo/pred/cls/output/000153
../../../demo/pred/cls/output/000154
../../../demo/pred/cls/output/000155
../../../demo/pred/cls/output/000156
../../../demo/pred/cls/output/000157
../../../demo/pred/cls/output/000158
../../../demo/pred/cls/output/000159
../../../demo/pred/cls/output/000160
../../../demo/pred/cls/output/000161
../../../demo/pred/cls/output/000162
../../../demo/pred/cls/output/000163
../../../demo/pred/cls/output/000164
../../../demo/pred/cls/output/000165
../../../demo/pred/cls/output/000166
../../../demo/pred/cls/output/000167
../../../demo/pred/cls/output/000168
../../../demo/pred/cls/output/000169
../../../demo/pred/cls/output/000170
../../../demo/pred/cls/output/000171
../../../demo/pred/cls/output/000172
../../../demo/pred/cls/output/000173
../../../demo/pred/cls/output/000174
../../../demo/pred/cls/output/000175
../../../demo/pred/cls/output/000176
../../../demo/pred/cls/output/000177
../../../demo/pred/cls/output/000178
../../../demo/pred/cls/output/000179
../../../demo/pred/cls/output/000180
../../../demo/pred/cls/output/000181
../../../demo/pred/cls/output/000182
../../../demo/pred/cls/output/000183
../../../demo/pred/cls/output/000184
../../../demo/pred/cls/output/000185
../../../demo/pred/cls/output/000186
../../../demo/pred/cls/output/000187
../../../demo/pred/cls/output/000188
../../../demo/pred/cls/output/000189
../../../demo/pred/cls/output/000190
../../../demo/pred/cls/output/000191
../../../demo/pred/cls/output/000192
../../../demo/pred/cls/output/000193
../../../demo/pred/cls/output/000194
../../../demo/pred/cls/output/000195
../../../demo/pred/cls/output/000196
../../../demo/pred/cls/output/000197
../../../demo/pred/cls/output/000198
../../../demo/pred/cls/output/000199
../../../demo/pred/cls/output/000200
../../../demo/pred/cls/output/000201
../../../demo/pred/cls/output/000202
../../../demo/pred/cls/output/000203
../../../demo/pred/cls/output/000204
../../../demo/pred/cls/output/000205
../../../demo/pred/cls/output/000206
../../../demo/pred/cls/output/000207
../../../demo/pred/cls/output/000208
../../../demo/pred/cls/output/000209
../../../demo/pred/cls/output/000210
../../../demo/pred/cls/output/000211
../../../demo/pred/cls/output/000212
../../../demo/pred/cls/output/000213
../../../demo/pred/cls/output/000214
../../../demo/pred/cls/output/000215
../../../demo/pred/cls/output/000216
../../../demo/pred/cls/output/000217
../../../demo/pred/cls/output/000218
../../../demo/pred/cls/output/000219
../../../demo/pred/cls/output/000220
../../../demo/pred/cls/output/000221
../../../demo/pred/cls/output/000222
../../../demo/pred/cls/output/000223
../../../demo/pred/cls/output/000224
../../../demo/pred/cls/output/000225
../../../demo/pred/cls/output/000226
../../../demo/pred/cls/output/000227
../../../demo/pred/cls/output/000228
../../../demo/pred/cls/output/000229
../../../demo/pred/cls/output/000230
../../../demo/pred/cls/output/000231
../../../demo/pred/cls/output/000232
../../../demo/pred/cls/output/000233
../../../demo/pred/cls/output/000234
../../../demo/pred/cls/output/000235
../../../demo/pred/cls/output/000236
../../../demo/pred/cls/output/000237
../../../demo/pred/cls/output/000238
../../../demo/pred/cls/output/000239
../../../demo/pred/cls/output/000240
../../../demo/pred/cls/output/000241
../../../demo/pred/cls/output/000242
../../../demo/pred/cls/output/000243
../../../demo/pred/cls/output/000244
../../../demo/pred/cls/output/000245
../../../demo/pred/cls/output/000246
../../../demo/pred/cls/output/000247
../../../demo/pred/cls/output/000248
../../../demo/pred/cls/output/000249
../../../demo/pred/cls/output/000250
../../../demo/pred/cls/output/000251
../../../demo/pred/cls/output/000252
../../../demo/pred/cls/output/000253
../../../demo/pred/cls/output/000254
../../../demo/pred/cls/output/000255
../../../demo/pred/cls/output/000256
../../../demo/pred/cls/output/000257
../../../demo/pred/cls/output/000258
../../../demo/pred/cls/output/000259
../../../demo/pred/cls/output/000260
../../../demo/pred/cls/output/000261
../../../demo/pred/cls/output/000262
../../../demo/pred/cls/output/000263
../../../demo/pred/cls/output/000264
../../../demo/pred/cls/output/000265
../../../demo/pred/cls/output/000266
../../../demo/pred/cls/output/000267
../../../demo/pred/cls/output/000268
../../../demo/pred/cls/output/000269
../../../demo/pred/cls/output/000270
../../../demo/pred/cls/output/000271
../../../demo/pred/cls/output/000272
../../../demo/pred/cls/output/000273
../../../demo/pred/cls/output/000274
../../../demo/pred/cls/output/000275
../../../demo/pred/cls/output/000276
../../../demo/pred/cls/output/000277
../../../demo/pred/cls/output/000278
../../../demo/pred/cls/output/000279
../../../demo/pred/cls/output/000280
../../../demo/pred/cls/output/000281
../../../demo/pred/cls/output/000282
../../../demo/pred/cls/output/000283
../../../demo/pred/cls/output/000284
../../../demo/pred/cls/output/000285
../../../demo/pred/cls/output/000286
../../../demo/pred/cls/output/000287
../../../demo/pred/cls/output/000288
../../../demo/pred/cls/output/000289
../../../demo/pred/cls/output/000290
../../../demo/pred/cls/output/000291
../../../demo/pred/cls/output/000292
../../../demo/pred/cls/output/000293
../../../demo/pred/cls/output/000294
../../../demo/pred/cls/output/000295
../../../demo/pred/cls/output/000296
../../../demo/pred/cls/output/000297
../../../demo/pred/cls/output/000298
../../../demo/pred/cls/output/000299
../../../demo/pred/cls/output/000300
../../../demo/pred/cls/output/000301
../../../demo/pred/cls/output/000302
../../../demo/pred/cls/output/000303
../../../demo/pred/cls/output/000304
../../../demo/pred/cls/output/000305
../../../demo/pred/cls/output/000306
../../../demo/pred/cls/output/000307
../../../demo/pred/cls/output/000308
../../../demo/pred/cls/output/000309
../../../demo/pred/cls/output/000310
../../../demo/pred/cls/output/000311
../../../demo/pred/cls/output/000312
../../../demo/pred/cls/output/000313
../../../demo/pred/cls/output/000314
../../../demo/pred/cls/output/000315
../../../demo/pred/cls/output/000316
../../../demo/pred/cls/output/000317
../../../demo/pred/cls/output/000318
../../../demo/pred/cls/output/000319
../../../demo/pred/cls/output/000320
../../../demo/pred/cls/output/000321
../../../demo/pred/cls/output/000322
../../../demo/pred/cls/output/000323
../../../demo/pred/cls/output/000324
../../../demo/pred/cls/output/000325
../../../demo/pred/cls/output/000326
../../../demo/pred/cls/output/000327
../../../demo/pred/cls/output/000328
../../../demo/pred/cls/output/000329
../../../demo/pred/cls/output/000330
../../../demo/pred/cls/output/000331
../../../demo/pred/cls/output/000332
../../../demo/pred/cls/output/000333
../../../demo/pred/cls/output/000334
../../../demo/pred/cls/output/000335
../../../demo/pred/cls/output/000336
../../../demo/pred/cls/output/000337
../../../demo/pred/cls/output/000338
../../../demo/pred/cls/output/000339
../../../demo/pred/cls/output/000340
../../../demo/pred/cls/output/000341
../../../demo/pred/cls/output/000342
../../../demo/pred/cls/output/000343
../../../demo/pred/cls/output/000344
../../../demo/pred/cls/output/000345
../../../demo/pred/cls/output/000346
../../../demo/pred/cls/output/000347
../../../demo/pred/cls/output/000348
../../../demo/pred/cls/output/000349
../../../demo/pred/cls/output/000350
../../../demo/pred/cls/output/000351
../../../demo/pred/cls/output/000352
../../../demo/pred/cls/output/000353
../../../demo/pred/cls/output/000354
../../../demo/pred/cls/output/000355
../../../demo/pred/cls/output/000356
../../../demo/pred/cls/output/000357
../../../demo/pred/cls/output/000358
../../../demo/pred/cls/output/000359
../../../demo/pred/cls/output/000360
../../../demo/pred/cls/output/000361
../../../demo/pred/cls/output/000362
../../../demo/pred/cls/output/000363
../../../demo/pred/cls/output/000364
../../../demo/pred/cls/output/000365
../../../demo/pred/cls/output/000366
../../../demo/pred/cls/output/000367
../../../demo/pred/cls/output/000368
../../../demo/pred/cls/output/000369
../../../demo/pred/cls/output/000370
../../../demo/pred/cls/output/000371
../../../demo/pred/cls/output/000372
../../../demo/pred/cls/output/000373
../../../demo/pred/cls/output/000374
../../../demo/pred/cls/output/000375
../../../demo/pred/cls/output/000376
../../../demo/pred/cls/output/000377
../../../demo/pred/cls/output/000378
../../../demo/pred/cls/output/000379
../../../demo/pred/cls/output/000380
../../../demo/pred/cls/output/000381
../../../demo/pred/cls/output/000382
../../../demo/pred/cls/output/000383
../../../demo/pred/cls/output/000384
../../../demo/pred/cls/output/000385
../../../demo/pred/cls/output/000386
../../../demo/pred/cls/output/000387
../../../demo/pred/cls/output/000388
../../../demo/pred/cls/output/000389
../../../demo/pred/cls/output/000390
../../../demo/pred/cls/output/000391
../../../demo/pred/cls/output/000392
../../../demo/pred/cls/output/000393
../../../demo/pred/cls/output/000394
../../../demo/pred/cls/output/000395
../../../demo/pred/cls/output/000396
../../../demo/pred/cls/output/000397
../../../demo/pred/cls/output/000398
../../../demo/pred/cls/output/000399
../../../demo/pred/cls/output/000400
../../../demo/pred/cls/output/000401
../../../demo/pred/cls/output/000402
../../../demo/pred/cls/output/000403
../../../demo/pred/cls/output/000404
../../../demo/pred/cls/output/000405
../../../demo/pred/cls/output/000406
../../../demo/pred/cls/output/000407
../../../demo/pred/cls/output/000408
../../../demo/pred/cls/output/000409
../../../demo/pred/cls/output/000410
../../../demo/pred/cls/output/000411
../../../demo/pred/cls/output/000412
../../../demo/pred/cls/output/000413
../../../demo/pred/cls/output/000414
../../../demo/pred/cls/output/000415
../../../demo/pred/cls/output/000416
../../../demo/pred/cls/output/000417
../../../demo/pred/cls/output/000418
../../../demo/pred/cls/output/000419
../../../demo/pred/cls/output/000420
../../../demo/pred/cls/output/000421
../../../demo/pred/cls/output/000422
../../../demo/pred/cls/output/000423
../../../demo/pred/cls/output/000424
../../../demo/pred/cls/output/000425
../../../demo/pred/cls/output/000426
../../../demo/pred/cls/output/000427
../../../demo/pred/cls/output/000428
../../../demo/pred/cls/output/000429
../../../demo/pred/cls/output/000430
../../../demo/pred/cls/output/000431
../../../demo/pred/cls/output/000432
../../../demo/pred/cls/output/000433
../../../demo/pred/cls/output/000434
../../../demo/pred/cls/output/000435
../../../demo/pred/cls/output/000436
../../../demo/pred/cls/output/000437
../../../demo/pred/cls/output/000438
../../../demo/pred/cls/output/000439
../../../demo/pred/cls/output/000440
../../../demo/pred/cls/output/000441
../../../demo/pred/cls/output/000442
../../../demo/pred/cls/output/000443
../../../demo/pred/cls/output/000444
../../../demo/pred/cls/output/000445
../../../demo/pred/cls/output/000446
../../../demo/pred/cls/output/000447
../../../demo/pred/cls/output/000448
../../../demo/pred/cls/output/000449
../../../demo/pred/cls/output/000450
../../../demo/pred/cls/output/000451
../../../demo/pred/cls/output/000452
../../../demo/pred/cls/output/000453
../../../demo/pred/cls/output/000454
../../../demo/pred/cls/output/000455
../../../demo/pred/cls/output/000456
../../../demo/pred/cls/output/000457
../../../demo/pred/cls/output/000458
../../../demo/pred/cls/output/000459
../../../demo/pred/cls/output/000460
../../../demo/pred/cls/output/000461
../../../demo/pred/cls/output/000462
../../../demo/pred/cls/output/000463
../../../demo/pred/cls/output/000464
../../../demo/pred/cls/output/000465
../../../demo/pred/cls/output/000466
../../../demo/pred/cls/output/000467
../../../demo/pred/cls/output/000468
../../../demo/pred/cls/output/000469
../../../demo/pred/cls/output/000470
../../../demo/pred/cls/output/000471
../../../demo/pred/cls/output/000472
../../../demo/pred/cls/output/000473
../../../demo/pred/cls/output/000474
../../../demo/pred/cls/output/000475
../../../demo/pred/cls/output/000476
../../../demo/pred/cls/output/000477
../../../demo/pred/cls/output/000478
../../../demo/pred/cls/output/000479
../../../demo/pred/cls/output/000480
../../../demo/pred/cls/output/000481
../../../demo/pred/cls/output/000482
../../../demo/pred/cls/output/000483
../../../demo/pred/cls/output/000484
../../../demo/pred/cls/output/000485
../../../demo/pred/cls/output/000486
../../../demo/pred/cls/output/000487
../../../demo/pred/cls/output/000488
../../../demo/pred/cls/output/000489
../../../demo/pred/cls/output/000490
../../../demo/pred/cls/output/000491
../../../demo/pred/cls/output/000492
../../../demo/pred/cls/output/000493
../../../demo/pred/cls/output/000494
../../../demo/pred/cls/output/000495
../../../demo/pred/cls/output/000496
../../../demo/pred/cls/output/000497
../../../demo/pred/cls/output/000498
../../../demo/pred/cls/output/000499
../../../demo/pred/cls/output/000500
../../../demo/pred/cls/output/000501
../../../demo/pred/cls/output/000502
../../../demo/pred/cls/output/000503
../../../demo/pred/cls/output/000504
../../../demo/pred/cls/output/000505
../../../demo/pred/cls/output/000506
../../../demo/pred/cls/output/000507
../../../demo/pred/cls/output/000508
../../../demo/pred/cls/output/000509
../../../demo/pred/cls/output/000510
../../../demo/pred/cls/output/000511
../../../demo/pred/cls/output/000512
../../../demo/pred/cls/output/000513
../../../demo/pred/cls/output/000514
../../../demo/pred/cls/output/000515
../../../demo/pred/cls/output/000516
../../../demo/pred/cls/output/000517
../../../demo/pred/cls/output/000518
../../../demo/pred/cls/output/000519
../../../demo/pred/cls/output/000520
../../../demo/pred/cls/output/000521
../../../demo/pred/cls/output/000522
../../../demo/pred/cls/output/000523
../../../demo/pred/cls/output/000524
../../../demo/pred/cls/output/000525
../../../demo/pred/cls/output/000526
../../../demo/pred/cls/output/000527
../../../demo/pred/cls/output/000528
../../../demo/pred/cls/output/000529
../../../demo/pred/cls/output/000530
../../../demo/pred/cls/output/000531
../../../demo/pred/cls/output/000532
../../../demo/pred/cls/output/000533
../../../demo/pred/cls/output/000534
../../../demo/pred/cls/output/000535
../../../demo/pred/cls/output/000536
../../../demo/pred/cls/output/000537
../../../demo/pred/cls/output/000538
../../../demo/pred/cls/output/000539
../../../demo/pred/cls/output/000540
../../../demo/pred/cls/output/000541
../../../demo/pred/cls/output/000542
../../../demo/pred/cls/output/000543
../../../demo/pred/cls/output/000544
../../../demo/pred/cls/output/000545
../../../demo/pred/cls/output/000546
../../../demo/pred/cls/output/000547
../../../demo/pred/cls/output/000548
../../../demo/pred/cls/output/000549
../../../demo/pred/cls/output/000550
../../../demo/pred/cls/output/000551
../../../demo/pred/cls/output/000552
../../../demo/pred/cls/output/000553
../../../demo/pred/cls/output/000554
../../../demo/pred/cls/output/000555
../../../demo/pred/cls/output/000556
../../../demo/pred/cls/output/000557
../../../demo/pred/cls/output/000558
../../../demo/pred/cls/output/000559
../../../demo/pred/cls/output/000560
../../../demo/pred/cls/output/000561
../../../demo/pred/cls/output/000562
../../../demo/pred/cls/output/000563
../../../demo/pred/cls/output/000564
../../../demo/pred/cls/output/000565
../../../demo/pred/cls/output/000566
../../../demo/pred/cls/output/000567
../../../demo/pred/cls/output/000568
../../../demo/pred/cls/output/000569
../../../demo/pred/cls/output/000570
../../../demo/pred/cls/output/000571
../../../demo/pred/cls/output/000572
../../../demo/pred/cls/output/000573
../../../demo/pred/cls/output/000574
../../../demo/pred/cls/output/000575
../../../demo/pred/cls/output/000576
../../../demo/pred/cls/output/000577
../../../demo/pred/cls/output/000578
../../../demo/pred/cls/output/000579
../../../demo/pred/cls/output/000580
../../../demo/pred/cls/output/000581
../../../demo/pred/cls/output/000582
../../../demo/pred/cls/output/000583
../../../demo/pred/cls/output/000584
../../../demo/pred/cls/output/000585
../../../demo/pred/cls/output/000586
../../../demo/pred/cls/output/000587
../../../demo/pred/cls/output/000588
../../../demo/pred/cls/output/000589
../../../demo/pred/cls/output/000590
../../../demo/pred/cls/output/000591
../../../demo/pred/cls/output/000592
../../../demo/pred/cls/output/000593
../../../demo/pred/cls/output/000594
../../../demo/pred/cls/output/000595
../../../demo/pred/cls/output/000596
../../../demo/pred/cls/output/000597
../../../demo/pred/cls/output/000598
../../../demo/pred/cls/output/000599
../../../demo/pred/cls/output/000600
../../../demo/pred/cls/output/000601
../../../demo/pred/cls/output/000602
../../../demo/pred/cls/output/000603
../../../demo/pred/cls/output/000604
../../../demo/pred/cls/output/000605
../../../demo/pred/cls/output/000606
../../../demo/pred/cls/output/000607
../../../demo/pred/cls/output/000608
../../../demo/pred/cls/output/000609
../../../demo/pred/cls/output/000610
../../../demo/pred/cls/output/000611
../../../demo/pred/cls/output/000612
../../../demo/pred/cls/output/000613
../../../demo/pred/cls/output/000614
../../../demo/pred/cls/output/000615
../../../demo/pred/cls/output/000616
../../../demo/pred/cls/output/000617
../../../demo/pred/cls/output/000618
../../../demo/pred/cls/output/000619
../../../demo/pred/cls/output/000620
../../../demo/pred/cls/output/000621
../../../demo/pred/cls/output/000622
../../../demo/pred/cls/output/000623
../../../demo/pred/cls/output/000624
../../../demo/pred/cls/output/000625
../../../demo/pred/cls/output/000626
../../../demo/pred/cls/output/000627
../../../demo/pred/cls/output/000628
../../../demo/pred/cls/output/000629
../../../demo/pred/cls/output/000630
../../../demo/pred/cls/output/000631
../../../demo/pred/cls/output/000632
../../../demo/pred/cls/output/000633
../../../demo/pred/cls/output/000634
../../../demo/pred/cls/output/000635
../../../demo/pred/cls/output/000636
../../../demo/pred/cls/output/000637
../../../demo/pred/cls/output/000638
../../../demo/pred/cls/output/000639
../../../demo/pred/cls/output/000640
../../../demo/pred/cls/output/000641
../../../demo/pred/cls/output/000642
../../../demo/pred/cls/output/000643
../../../demo/pred/cls/output/000644
../../../demo/pred/cls/output/000645
../../../demo/pred/cls/output/000646
../../../demo/pred/cls/output/000647
../../../demo/pred/cls/output/000648
../../../demo/pred/cls/output/000649
../../../demo/pred/cls/output/000650
../../../demo/pred/cls/output/000651
../../../demo/pred/cls/output/000652
../../../demo/pred/cls/output/000653
../../../demo/pred/cls/output/000654
../../../demo/pred/cls/output/000655
../../../demo/pred/cls/output/000656
../../../demo/pred/cls/output/000657
../../../demo/pred/cls/output/000658
../../../demo/pred/cls/output/000659
../../../demo/pred/cls/output/000660
../../../demo/pred/cls/output/000661
../../../demo/pred/cls/output/000662
../../../demo/pred/cls/output/000663
../../../demo/pred/cls/output/000664
../../../demo/pred/cls/output/000665
../../../demo/pred/cls/output/000666
../../../demo/pred/cls/output/000667
../../../demo/pred/cls/output/000668
../../../demo/pred/cls/output/000669
../../../demo/pred/cls/output/000670
../../../demo/pred/cls/output/000671
../../../demo/pred/cls/output/000672
../../../demo/pred/cls/output/000673
../../../demo/pred/cls/output/000674
../../../demo/pred/cls/output/000675
../../../demo/pred/cls/output/000676
../../../demo/pred/cls/output/000677
../../../demo/pred/cls/output/000678
../../../demo/pred/cls/output/000679
../../../demo/pred/cls/output/000680
../../../demo/pred/cls/output/000681
../../../demo/pred/cls/output/000682
../../../demo/pred/cls/output/000683
../../../demo/pred/cls/output/000684
../../../demo/pred/cls/output/000685
../../../demo/pred/cls/output/000686
../../../demo/pred/cls/output/000687
../../../demo/pred/cls/output/000688
../../../demo/pred/cls/output/000689
../../../demo/pred/cls/output/000690
../../../demo/pred/cls/output/000691
../../../demo/pred/cls/output/000692
../../../demo/pred/cls/output/000693
../../../demo/pred/cls/output/000694
../../../demo/pred/cls/output/000695
../../../demo/pred/cls/output/000696
../../../demo/pred/cls/output/000697
../../../demo/pred/cls/output/000698
../../../demo/pred/cls/output/000699
../../../demo/pred/cls/output/000700
../../../demo/pred/cls/output/000701
../../../demo/pred/cls/output/000702
../../../demo/pred/cls/output/000703
../../../demo/pred/cls/output/000704
../../../demo/pred/cls/output/000705
../../../demo/pred/cls/output/000706
../../../demo/pred/cls/output/000707
../../../demo/pred/cls/output/000708
../../../demo/pred/cls/output/000709
../../../demo/pred/cls/output/000710
../../../demo/pred/cls/output/000711
../../../demo/pred/cls/output/000712
../../../demo/pred/cls/output/000713
../../../demo/pred/cls/output/000714
../../../demo/pred/cls/output/000715
../../../demo/pred/cls/output/000716
../../../demo/pred/cls/output/000717
../../../demo/pred/cls/output/000718
../../../demo/pred/cls/output/000719
../../../demo/pred/cls/output/000720
../../../demo/pred/cls/output/000721
../../../demo/pred/cls/output/000722
../../../demo/pred/cls/output/000723
../../../demo/pred/cls/output/000724
../../../demo/pred/cls/output/000725
../../../demo/pred/cls/output/000726
../../../demo/pred/cls/output/000727
../../../demo/pred/cls/output/000728
../../../demo/pred/cls/output/000729
../../../demo/pred/cls/output/000730
../../../demo/pred/cls/output/000731
../../../demo/pred/cls/output/000732
../../../demo/pred/cls/output/000733
../../../demo/pred/cls/output/000734
../../../demo/pred/cls/output/000735
../../../demo/pred/cls/output/000736
../../../demo/pred/cls/output/000737
../../../demo/pred/cls/output/000738
../../../demo/pred/cls/output/000739
../../../demo/pred/cls/output/000740
../../../demo/pred/cls/output/000741
../../../demo/pred/cls/output/000742
../../../demo/pred/cls/output/000743
../../../demo/pred/cls/output/000744
../../../demo/pred/cls/output/000745
../../../demo/pred/cls/output/000746
../../../demo/pred/cls/output/000747
../../../demo/pred/cls/output/000748
../../../demo/pred/cls/output/000749
../../../demo/pred/cls/output/000750
../../../demo/pred/cls/output/000751
../../../demo/pred/cls/output/000752
../../../demo/pred/cls/output/000753
../../../demo/pred/cls/output/000754
../../../demo/pred/cls/output/000755
../../../demo/pred/cls/output/000756
../../../demo/pred/cls/output/000757
../../../demo/pred/cls/output/000758
../../../demo/pred/cls/output/000759
../../../demo/pred/cls/output/000760
../../../demo/pred/cls/output/000761
../../../demo/pred/cls/output/000762
../../../demo/pred/cls/output/000763
../../../demo/pred/cls/output/000764
../../../demo/pred/cls/output/000765
../../../demo/pred/cls/output/000766
../../../demo/pred/cls/output/000767
../../../demo/pred/cls/output/000768
../../../demo/pred/cls/output/000769
../../../demo/pred/cls/output/000770
../../../demo/pred/cls/output/000771
../../../demo/pred/cls/output/000772
../../../demo/pred/cls/output/000773
../../../demo/pred/cls/output/000774
../../../demo/pred/cls/output/000775
../../../demo/pred/cls/output/000776
../../../demo/pred/cls/output/000777
../../../demo/pred/cls/output/000778
../../../demo/pred/cls/output/000779
../../../demo/pred/cls/output/000780
../../../demo/pred/cls/output/000781
../../../demo/pred/cls/output/000782
../../../demo/pred/cls/output/000783
../../../demo/pred/cls/output/000784
../../../demo/pred/cls/output/000785
../../../demo/pred/cls/output/000786
../../../demo/pred/cls/output/000787
../../../demo/pred/cls/output/000788
../../../demo/pred/cls/output/000789
../../../demo/pred/cls/output/000790
../../../demo/pred/cls/output/000791
../../../demo/pred/cls/output/000792
../../../demo/pred/cls/output/000793
../../../demo/pred/cls/output/000794
../../../demo/pred/cls/output/000795
../../../demo/pred/cls/output/000796
../../../demo/pred/cls/output/000797
../../../demo/pred/cls/output/000798
../../../demo/pred/cls/output/000799
../../../demo/pred/cls/output/000800
../../../demo/pred/cls/output/000801
../../../demo/pred/cls/output/000802
../../../demo/pred/cls/output/000803
../../../demo/pred/cls/output/000804
../../../demo/pred/cls/output/000805
../../../demo/pred/cls/output/000806
../../../demo/pred/cls/output/000807
../../../demo/pred/cls/output/000808
../../../demo/pred/cls/output/000809
../../../demo/pred/cls/output/000810
../../../demo/pred/cls/output/000811
../../../demo/pred/cls/output/000812
../../../demo/pred/cls/output/000813
../../../demo/pred/cls/output/000814
../../../demo/pred/cls/output/000815
../../../demo/pred/cls/output/000816
../../../demo/pred/cls/output/000817
../../../demo/pred/cls/output/000818
../../../demo/pred/cls/output/000819
../../../demo/pred/cls/output/000820
../../../demo/pred/cls/output/000821
../../../demo/pred/cls/output/000822
../../../demo/pred/cls/output/000823
../../../demo/pred/cls/output/000824
../../../demo/pred/cls/output/000825
../../../demo/pred/cls/output/000826
../../../demo/pred/cls/output/000827
../../../demo/pred/cls/output/000828
../../../demo/pred/cls/output/000829
../../../demo/pred/cls/output/000830
../../../demo/pred/cls/output/000831
../../../demo/pred/cls/output/000832
../../../demo/pred/cls/output/000833
../../../demo/pred/cls/output/000834
../../../demo/pred/cls/output/000835
../../../demo/pred/cls/output/000836
../../../demo/pred/cls/output/000837
../../../demo/pred/cls/output/000838
../../../demo/pred/cls/output/000839
../../../demo/pred/cls/output/000840
../../../demo/pred/cls/output/000841
../../../demo/pred/cls/output/000842
../../../demo/pred/cls/output/000843
../../../demo/pred/cls/output/000844
../../../demo/pred/cls/output/000845
../../../demo/pred/cls/output/000846
../../../demo/pred/cls/output/000847
../../../demo/pred/cls/output/000848
../../../demo/pred/cls/output/000849
../../../demo/pred/cls/output/000850
../../../demo/pred/cls/output/000851
../../../demo/pred/cls/output/000852
../../../demo/pred/cls/output/000853
../../../demo/pred/cls/output/000854
../../../demo/pred/cls/output/000855
../../../demo/pred/cls/output/000856
../../../demo/pred/cls/output/000857
../../../demo/pred/cls/output/000858
../../../demo/pred/cls/output/000859
../../../demo/pred/cls/output/000860
../../../demo/pred/cls/output/000861
../../../demo/pred/cls/output/000862
../../../demo/pred/cls/output/000863
../../../demo/pred/cls/output/000864
../../../demo/pred/cls/output/000865
../../../demo/pred/cls/output/000866
../../../demo/pred/cls/output/000867
../../../demo/pred/cls/output/000868
../../../demo/pred/cls/output/000869
../../../demo/pred/cls/output/000870
../../../demo/pred/cls/output/000871
../../../demo/pred/cls/output/000872
../../../demo/pred/cls/output/000873
../../../demo/pred/cls/output/000874
../../../demo/pred/cls/output/000875
../../../demo/pred/cls/output/000876
../../../demo/pred/cls/output/000877
../../../demo/pred/cls/output/000878
../../../demo/pred/cls/output/000879
../../../demo/pred/cls/output/000880
../../../demo/pred/cls/output/000881
../../../demo/pred/cls/output/000882
../../../demo/pred/cls/output/000883
../../../demo/pred/cls/output/000884
../../../demo/pred/cls/output/000885
../../../demo/pred/cls/output/000886
../../../demo/pred/cls/output/000887
../../../demo/pred/cls/output/000888
../../../demo/pred/cls/output/000889
../../../demo/pred/cls/output/000890
../../../demo/pred/cls/output/000891
../../../demo/pred/cls/output/000892
../../../demo/pred/cls/output/000893
../../../demo/pred/cls/output/000894
../../../demo/pred/cls/output/000895
../../../demo/pred/cls/output/000896
../../../demo/pred/cls/output/000897
../../../demo/pred/cls/output/000898
../../../demo/pred/cls/output/000899
../../../demo/pred/cls/output/000900
../../../demo/pred/cls/output/000901
../../../demo/pred/cls/output/000902
../../../demo/pred/cls/output/000903
../../../demo/pred/cls/output/000904
../../../demo/pred/cls/output/000905
../../../demo/pred/cls/output/000906
../../../demo/pred/cls/output/000907
../../../demo/pred/cls/output/000908
../../../demo/pred/cls/output/000909
../../../demo/pred/cls/output/000910
../../../demo/pred/cls/output/000911
../../../demo/pred/cls/output/000912
../../../demo/pred/cls/output/000913
../../../demo/pred/cls/output/000914
../../../demo/pred/cls/output/000915
../../../demo/pred/cls/output/000916
../../../demo/pred/cls/output/000917
../../../demo/pred/cls/output/000918
../../../demo/pred/cls/output/000919
../../../demo/pred/cls/output/000920
../../../demo/pred/cls/output/000921
../../../demo/pred/cls/output/000922
../../../demo/pred/cls/output/000923
../../../demo/pred/cls/output/000924
../../../demo/pred/cls/output/000925
../../../demo/pred/cls/output/000926
../../../demo/pred/cls/output/000927
../../../demo/pred/cls/output/000928
../../../demo/pred/cls/output/000929
../../../demo/pred/cls/output/000930
../../../demo/pred/cls/output/000931
../../../demo/pred/cls/output/000932
../../../demo/pred/cls/output/000933
../../../demo/pred/cls/output/000934
../../../demo/pred/cls/output/000935
../../../demo/pred/cls/output/000936
../../../demo/pred/cls/output/000937
../../../demo/pred/cls/output/000938
../../../demo/pred/cls/output/000939
../../../demo/pred/cls/output/000940
../../../demo/pred/cls/output/000941
../../../demo/pred/cls/output/000942
../../../demo/pred/cls/output/000943
../../../demo/pred/cls/output/000944
../../../demo/pred/cls/output/000945
../../../demo/pred/cls/output/000946
../../../demo/pred/cls/output/000947
../../../demo/pred/cls/output/000948
../../../demo/pred/cls/output/000949
../../../demo/pred/cls/output/000950
../../../demo/pred/cls/output/000951
../../../demo/pred/cls/output/000952
../../../demo/pred/cls/output/000953
../../../demo/pred/cls/output/000954
../../../demo/pred/cls/output/000955
../../../demo/pred/cls/output/000956
../../../demo/pred/cls/output/000957
../../../demo/pred/cls/output/000958
../../../demo/pred/cls/output/000959
../../../demo/pred/cls/output/000960
../../../demo/pred/cls/output/000961
../../../demo/pred/cls/output/000962
../../../demo/pred/cls/output/000963
../../../demo/pred/cls/output/000964
../../../demo/pred/cls/output/000965
../../../demo/pred/cls/output/000966
../../../demo/pred/cls/output/000967
../../../demo/pred/cls/output/000968
../../../demo/pred/cls/output/000969
../../../demo/pred/cls/output/000970
../../../demo/pred/cls/output/000971
../../../demo/pred/cls/output/000972
../../../demo/pred/cls/output/000973
../../../demo/pred/cls/output/000974
../../../demo/pred/cls/output/000975
../../../demo/pred/cls/output/000976
../../../demo/pred/cls/output/000977
../../../demo/pred/cls/output/000978
../../../demo/pred/cls/output/000979
../../../demo/pred/cls/output/000980
../../../demo/pred/cls/output/000981
../../../demo/pred/cls/output/000982
../../../demo/pred/cls/output/000983
../../../demo/pred/cls/output/000984
../../../demo/pred/cls/output/000985
../../../demo/pred/cls/output/000986
../../../demo/pred/cls/output/000987
../../../demo/pred/cls/output/000988
../../../demo/pred/cls/output/000989
../../../demo/pred/cls/output/000990
../../../demo/pred/cls/output/000991
../../../demo/pred/cls/output/000992
../../../demo/pred/cls/output/000993
../../../demo/pred/cls/output/000994
../../../demo/pred/cls/output/000995
../../../demo/pred/cls/output/000996
../../../demo/pred/cls/output/000997
../../../demo/pred/cls/output/000998
../../../demo/pred/cls/output/000999
../../../demo/pred/cls/output/001000
../../../demo/pred/cls/output/001001
../../../demo/pred/cls/output/001002
../../../demo/pred/cls/output/001003
../../../demo/pred/cls/output/001004
../../../demo/pred/cls/output/001005
../../../demo/pred/cls/output/001006
../../../demo/pred/cls/output/001007
../../../demo/pred/cls/output/001008
../../../demo/pred/cls/output/001009
../../../demo/pred/cls/output/001010
../../../demo/pred/cls/output/001011
../../../demo/pred/cls/output/001012
../../../demo/pred/cls/output/001013
../../../demo/pred/cls/output/001014
../../../demo/pred/cls/output/001015
../../../demo/pred/cls/output/001016
../../../demo/pred/cls/output/001017
../../../demo/pred/cls/output/001018
../../../demo/pred/cls/output/001019
../../../demo/pred/cls/output/001020
../../../demo/pred/cls/output/001021
../../../demo/pred/cls/output/001022
../../../demo/pred/cls/output/001023
../../../demo/pred/cls/output/001024
../../../demo/pred/cls/output/001025
../../../demo/pred/cls/output/001026
../../../demo/pred/cls/output/001027
../../../demo/pred/cls/output/001028
../../../demo/pred/cls/output/001029
../../../demo/pred/cls/output/001030
../../../demo/pred/cls/output/001031
../../../demo/pred/cls/output/001032
../../../demo/pred/cls/output/001033
../../../demo/pred/cls/output/001034
../../../demo/pred/cls/output/001035
../../../demo/pred/cls/output/001036
../../../demo/pred/cls/output/001037
../../../demo/pred/cls/output/001038
../../../demo/pred/cls/output/001039
../../../demo/pred/cls/output/001040
../../../demo/pred/cls/output/001041
../../../demo/pred/cls/output/001042
../../../demo/pred/cls/output/001043
../../../demo/pred/cls/output/001044
../../../demo/pred/cls/output/001045
../../../demo/pred/cls/output/001046
../../../demo/pred/cls/output/001047
../../../demo/pred/cls/output/001048
../../../demo/pred/cls/output/001049
../../../demo/pred/cls/output/001050
../../../demo/pred/cls/output/001051
../../../demo/pred/cls/output/001052
../../../demo/pred/cls/output/001053
../../../demo/pred/cls/output/001054
../../../demo/pred/cls/output/001055
../../../demo/pred/cls/output/001056
../../../demo/pred/cls/output/001057
../../../demo/pred/cls/output/001058
../../../demo/pred/cls/output/001059
../../../demo/pred/cls/output/001060
../../../demo/pred/cls/output/001061
../../../demo/pred/cls/output/001062
../../../demo/pred/cls/output/001063
../../../demo/pred/cls/output/001064
../../../demo/pred/cls/output/001065
../../../demo/pred/cls/output/001066
../../../demo/pred/cls/output/001067
../../../demo/pred/cls/output/001068
../../../demo/pred/cls/output/001069
../../../demo/pred/cls/output/001070
../../../demo/pred/cls/output/001071
../../../demo/pred/cls/output/001072
../../../demo/pred/cls/output/001073
../../../demo/pred/cls/output/001074
../../../demo/pred/cls/output/001075
../../../demo/pred/cls/output/001076
../../../demo/pred/cls/output/001077
../../../demo/pred/cls/output/001078
../../../demo/pred/cls/output/001079
../../../demo/pred/cls/output/001080
../../../demo/pred/cls/output/001081
../../../demo/pred/cls/output/001082
../../../demo/pred/cls/output/001083
../../../demo/pred/cls/output/001084
../../../demo/pred/cls/output/001085
../../../demo/pred/cls/output/001086
../../../demo/pred/cls/output/001087
../../../demo/pred/cls/output/001088
../../../demo/pred/cls/output/001089
../../../demo/pred/cls/output/001090
../../../demo/pred/cls/output/001091
../../../demo/pred/cls/output/001092
../../../demo/pred/cls/output/001093
../../../demo/pred/cls/output/001094
../../../demo/pred/cls/output/001095
../../../demo/pred/cls/output/001096
../../../demo/pred/cls/output/001097
../../../demo/pred/cls/output/001098
../../../demo/pred/cls/output/001099
../../../demo/pred/cls/output/001100
../../../demo/pred/cls/output/001101
../../../demo/pred/cls/output/001102
../../../demo/pred/cls/output/001103
../../../demo/pred/cls/output/001104
../../../demo/pred/cls/output/001105
../../../demo/pred/cls/output/001106
../../../demo/pred/cls/output/001107
../../../demo/pred/cls/output/001108
../../../demo/pred/cls/output/001109
../../../demo/pred/cls/output/001110
../../../demo/pred/cls/output/001111
../../../demo/pred/cls/output/001112
../../../demo/pred/cls/output/001113
../../../demo/pred/cls/output/001114
../../../demo/pred/cls/output/001115
../../../demo/pred/cls/output/001116
../../../demo/pred/cls/output/001117
../../../demo/pred/cls/output/001118
../../../demo/pred/cls/output/001119
../../../demo/pred/cls/output/001120
../../../demo/pred/cls/output/001121
../../../demo/pred/cls/output/001122
../../../demo/pred/cls/output/001123
../../../demo/pred/cls/output/001124
../../../demo/pred/cls/output/001125
../../../demo/pred/cls/output/001126
../../../demo/pred/cls/output/001127
../../../demo/pred/cls/output/001128
../../../demo/pred/cls/output/001129
../../../demo/pred/cls/output/001130
../../../demo/pred/cls/output/001131
../../../demo/pred/cls/output/001132
../../../demo/pred/cls/output/001133
../../../demo/pred/cls/output/001134
../../../demo/pred/cls/output/001135
../../../demo/pred/cls/output/001136
../../../demo/pred/cls/output/001137
../../../demo/pred/cls/output/001138
../../../demo/pred/cls/output/001139
../../../demo/pred/cls/output/001140
../../../demo/pred/cls/output/001141
../../../demo/pred/cls/output/001142
../../../demo/pred/cls/output/001143
../../../demo/pred/cls/output/001144
../../../demo/pred/cls/output/001145
../../../demo/pred/cls/output/001146
../../../demo/pred/cls/output/001147
../../../demo/pred/cls/output/001148
../../../demo/pred/cls/output/001149
../../../demo/pred/cls/output/001150
../../../demo/pred/cls/output/001151
../../../demo/pred/cls/output/001152
../../../demo/pred/cls/output/001153
../../../demo/pred/cls/output/001154
../../../demo/pred/cls/output/001155
../../../demo/pred/cls/output/001156
../../../demo/pred/cls/output/001157
../../../demo/pred/cls/output/001158
../../../demo/pred/cls/output/001159
../../../demo/pred/cls/output/001160
../../../demo/pred/cls/output/001161
../../../demo/pred/cls/output/001162
../../../demo/pred/cls/output/001163
../../../demo/pred/cls/output/001164
../../../demo/pred/cls/output/001165
../../../demo/pred/cls/output/001166
../../../demo/pred/cls/output/001167
../../../demo/pred/cls/output/001168
../../../demo/pred/cls/output/001169
../../../demo/pred/cls/output/001170
../../../demo/pred/cls/output/001171
../../../demo/pred/cls/output/001172
../../../demo/pred/cls/output/001173
../../../demo/pred/cls/output/001174
../../../demo/pred/cls/output/001175
../../../demo/pred/cls/output/001176
../../../demo/pred/cls/output/001177
../../../demo/pred/cls/output/001178
../../../demo/pred/cls/output/001179
../../../demo/pred/cls/output/001180
../../../demo/pred/cls/output/001181
../../../demo/pred/cls/output/001182
../../../demo/pred/cls/output/001183
../../../demo/pred/cls/output/001184
../../../demo/pred/cls/output/001185
../../../demo/pred/cls/output/001186
../../../demo/pred/cls/output/001187
../../../demo/pred/cls/output/001188
../../../demo/pred/cls/output/001189
../../../demo/pred/cls/output/001190
../../../demo/pred/cls/output/001191
../../../demo/pred/cls/output/001192
../../../demo/pred/cls/output/001193
../../../demo/pred/cls/output/001194
../../../demo/pred/cls/output/001195
../../../demo/pred/cls/output/001196
../../../demo/pred/cls/output/001197
../../../demo/pred/cls/output/001198
../../../demo/pred/cls/output/001199
../../../demo/pred/cls/output/001200
../../../demo/pred/cls/output/001201
../../../demo/pred/cls/output/001202
../../../demo/pred/cls/output/001203
../../../demo/pred/cls/output/001204
../../../demo/pred/cls/output/001205
../../../demo/pred/cls/output/001206
../../../demo/pred/cls/output/001207
../../../demo/pred/cls/output/001208
../../../demo/pred/cls/output/001209
../../../demo/pred/cls/output/001210
../../../demo/pred/cls/output/001211
../../../demo/pred/cls/output/001212
../../../demo/pred/cls/output/001213
../../../demo/pred/cls/output/001214
../../../demo/pred/cls/output/001215
../../../demo/pred/cls/output/001216
../../../demo/pred/cls/output/001217
../../../demo/pred/cls/output/001218
../../../demo/pred/cls/output/001219
../../../demo/pred/cls/output/001220
../../../demo/pred/cls/output/001221
../../../demo/pred/cls/output/001222
../../../demo/pred/cls/output/001223
../../../demo/pred/cls/output/001224
../../../demo/pred/cls/output/001225
../../../demo/pred/cls/output/001226
../../../demo/pred/cls/output/001227
../../../demo/pred/cls/output/001228
../../../demo/pred/cls/output/001229
../../../demo/pred/cls/output/001230
../../../demo/pred/cls/output/001231
../../../demo/pred/cls/output/001232
../../../demo/pred/cls/output/001233
../../../demo/pred/cls/output/001234
../../../demo/pred/cls/output/001235
../../../demo/pred/cls/output/001236
../../../demo/pred/cls/output/001237
../../../demo/pred/cls/output/001238
../../../demo/pred/cls/output/001239
../../../demo/pred/cls/output/001240
../../../demo/pred/cls/output/001241
../../../demo/pred/cls/output/001242
../../../demo/pred/cls/output/001243
../../../demo/pred/cls/output/001244
../../../demo/pred/cls/output/001245
../../../demo/pred/cls/output/001246
../../../demo/pred/cls/output/001247
../../../demo/pred/cls/output/001248
../../../demo/pred/cls/output/001249
../../../demo/pred/cls/output/001250
../../../demo/pred/cls/output/001251
../../../demo/pred/cls/output/001252
../../../demo/pred/cls/output/001253
../../../demo/pred/cls/output/001254
../../../demo/pred/cls/output/001255
../../../demo/pred/cls/output/001256
../../../demo/pred/cls/output/001257
../../../demo/pred/cls/output/001258
../../../demo/pred/cls/output/001259
../../../demo/pred/cls/output/001260
../../../demo/pred/cls/output/001261
../../../demo/pred/cls/output/001262
../../../demo/pred/cls/output/001263
../../../demo/pred/cls/output/001264
../../../demo/pred/cls/output/001265
../../../demo/pred/cls/output/001266
../../../demo/pred/cls/output/001267
../../../demo/pred/cls/output/001268
../../../demo/pred/cls/output/001269
../../../demo/pred/cls/output/001270
../../../demo/pred/cls/output/001271
../../../demo/pred/cls/output/001272
../../../demo/pred/cls/output/001273
../../../demo/pred/cls/output/001274
../../../demo/pred/cls/output/001275
../../../demo/pred/cls/output/001276
../../../demo/pred/cls/output/001277
../../../demo/pred/cls/output/001278
../../../demo/pred/cls/output/001279
../../../demo/pred/cls/output/001280
../../../demo/pred/cls/output/001281
../../../demo/pred/cls/output/001282
../../../demo/pred/cls/output/001283
../../../demo/pred/cls/output/001284
../../../demo/pred/cls/output/001285
../../../demo/pred/cls/output/001286
../../../demo/pred/cls/output/001287
../../../demo/pred/cls/output/001288
../../../demo/pred/cls/output/001289
../../../demo/pred/cls/output/001290
../../../demo/pred/cls/output/001291
../../../demo/pred/cls/output/001292
../../../demo/pred/cls/output/001293
../../../demo/pred/cls/output/001294
../../../demo/pred/cls/output/001295
../../../demo/pred/cls/output/001296
../../../demo/pred/cls/output/001297
../../../demo/pred/cls/output/001298
../../../demo/pred/cls/output/001299
../../../demo/pred/cls/output/001300
../../../demo/pred/cls/output/001301
../../../demo/pred/cls/output/001302
../../../demo/pred/cls/output/001303
../../../demo/pred/cls/output/001304
../../../demo/pred/cls/output/001305
../../../demo/pred/cls/output/001306
../../../demo/pred/cls/output/001307
../../../demo/pred/cls/output/001308
../../../demo/pred/cls/output/001309
../../../demo/pred/cls/output/001310
../../../demo/pred/cls/output/001311
../../../demo/pred/cls/output/001312
../../../demo/pred/cls/output/001313
../../../demo/pred/cls/output/001314
../../../demo/pred/cls/output/001315
../../../demo/pred/cls/output/001316
../../../demo/pred/cls/output/001317
../../../demo/pred/cls/output/001318
../../../demo/pred/cls/output/001319
../../../demo/pred/cls/output/001320
../../../demo/pred/cls/output/001321
../../../demo/pred/cls/output/001322
../../../demo/pred/cls/output/001323
../../../demo/pred/cls/output/001324
../../../demo/pred/cls/output/001325
../../../demo/pred/cls/output/001326
../../../demo/pred/cls/output/001327
../../../demo/pred/cls/output/001328
../../../demo/pred/cls/output/001329
../../../demo/pred/cls/output/001330
../../../demo/pred/cls/output/001331
../../../demo/pred/cls/output/001332
../../../demo/pred/cls/output/001333
../../../demo/pred/cls/output/001334
../../../demo/pred/cls/output/001335
../../../demo/pred/cls/output/001336
../../../demo/pred/cls/output/001337
../../../demo/pred/cls/output/001338
../../../demo/pred/cls/output/001339
../../../demo/pred/cls/output/001340
../../../demo/pred/cls/output/001341
../../../demo/pred/cls/output/001342
../../../demo/pred/cls/output/001343
../../../demo/pred/cls/output/001344
../../../demo/pred/cls/output/001345
../../../demo/pred/cls/output/001346
../../../demo/pred/cls/output/001347
../../../demo/pred/cls/output/001348
../../../demo/pred/cls/output/001349
../../../demo/pred/cls/output/001350
../../../demo/pred/cls/output/001351
../../../demo/pred/cls/output/001352
../../../demo/pred/cls/output/001353
../../../demo/pred/cls/output/001354
../../../demo/pred/cls/output/001355
../../../demo/pred/cls/output/001356
../../../demo/pred/cls/output/001357
../../../demo/pred/cls/output/001358
../../../demo/pred/cls/output/001359
../../../demo/pred/cls/output/001360
../../../demo/pred/cls/output/001361
../../../demo/pred/cls/output/001362
../../../demo/pred/cls/output/001363
../../../demo/pred/cls/output/001364
../../../demo/pred/cls/output/001365
../../../demo/pred/cls/output/001366
../../../demo/pred/cls/output/001367
../../../demo/pred/cls/output/001368
../../../demo/pred/cls/output/001369
../../../demo/pred/cls/output/001370
../../../demo/pred/cls/output/001371
../../../demo/pred/cls/output/001372
../../../demo/pred/cls/output/001373
../../../demo/pred/cls/output/001374
../../../demo/pred/cls/output/001375
../../../demo/pred/cls/output/001376
../../../demo/pred/cls/output/001377
../../../demo/pred/cls/output/001378
../../../demo/pred/cls/output/001379
../../../demo/pred/cls/output/001380
../../../demo/pred/cls/output/001381
../../../demo/pred/cls/output/001382
../../../demo/pred/cls/output/001383
../../../demo/pred/cls/output/001384
../../../demo/pred/cls/output/001385
../../../demo/pred/cls/output/001386
../../../demo/pred/cls/output/001387
../../../demo/pred/cls/output/001388
../../../demo/pred/cls/output/001389
../../../demo/pred/cls/output/001390
../../../demo/pred/cls/output/001391
../../../demo/pred/cls/output/001392
../../../demo/pred/cls/output/001393
../../../demo/pred/cls/output/001394
../../../demo/pred/cls/output/001395
../../../demo/pred/cls/output/001396
../../../demo/pred/cls/output/001397
../../../demo/pred/cls/output/001398
../../../demo/pred/cls/output/001399
../../../demo/pred/cls/output/001400
../../../demo/pred/cls/output/001401
../../../demo/pred/cls/output/001402
../../../demo/pred/cls/output/001403
../../../demo/pred/cls/output/001404
../../../demo/pred/cls/output/001405
../../../demo/pred/cls/output/001406
../../../demo/pred/cls/output/001407
../../../demo/pred/cls/output/001408
../../../demo/pred/cls/output/001409
../../../demo/pred/cls/output/001410
../../../demo/pred/cls/output/001411
../../../demo/pred/cls/output/001412
../../../demo/pred/cls/output/001413
../../../demo/pred/cls/output/001414
../../../demo/pred/cls/output/001415
../../../demo/pred/cls/output/001416
../../../demo/pred/cls/output/001417
../../../demo/pred/cls/output/001418
../../../demo/pred/cls/output/001419
../../../demo/pred/cls/output/001420
../../../demo/pred/cls/output/001421
../../../demo/pred/cls/output/001422
../../../demo/pred/cls/output/001423
../../../demo/pred/cls/output/001424
../../../demo/pred/cls/output/001425
../../../demo/pred/cls/output/001426
../../../demo/pred/cls/output/001427
../../../demo/pred/cls/output/001428
../../../demo/pred/cls/output/001429
../../../demo/pred/cls/output/001430
../../../demo/pred/cls/output/001431
../../../demo/pred/cls/output/001432
../../../demo/pred/cls/output/001433
../../../demo/pred/cls/output/001434
../../../demo/pred/cls/output/001435
../../../demo/pred/cls/output/001436
../../../demo/pred/cls/output/001437
../../../demo/pred/cls/output/001438
../../../demo/pred/cls/output/001439
../../../demo/pred/cls/output/001440
../../../demo/pred/cls/output/001441
../../../demo/pred/cls/output/001442
../../../demo/pred/cls/output/001443
../../../demo/pred/cls/output/001444
../../../demo/pred/cls/output/001445
../../../demo/pred/cls/output/001446
../../../demo/pred/cls/output/001447
../../../demo/pred/cls/output/001448
../../../demo/pred/cls/output/001449
../../../demo/pred/cls/output/001450
../../../demo/pred/cls/output/001451
../../../demo/pred/cls/output/001452
../../../demo/pred/cls/output/001453
../../../demo/pred/cls/output/001454
../../../demo/pred/cls/output/001455
../../../demo/pred/cls/output/001456
../../../demo/pred/cls/output/001457
../../../demo/pred/cls/output/001458
../../../demo/pred/cls/output/001459
../../../demo/pred/cls/output/001460
../../../demo/pred/cls/output/001461
../../../demo/pred/cls/output/001462
../../../demo/pred/cls/output/001463
../../../demo/pred/cls/output/001464
../../../demo/pred/cls/output/001465
../../../demo/pred/cls/output/001466
../../../demo/pred/cls/output/001467
../../../demo/pred/cls/output/001468
../../../demo/pred/cls/output/001469
../../../demo/pred/cls/output/001470
../../../demo/pred/cls/output/001471
../../../demo/pred/cls/output/001472
../../../demo/pred/cls/output/001473
../../../demo/pred/cls/output/001474
../../../demo/pred/cls/output/001475
../../../demo/pred/cls/output/001476
../../../demo/pred/cls/output/001477
../../../demo/pred/cls/output/001478
../../../demo/pred/cls/output/001479
../../../demo/pred/cls/output/001480
../../../demo/pred/cls/output/001481
../../../demo/pred/cls/output/001482
../../../demo/pred/cls/output/001483
../../../demo/pred/cls/output/001484
../../../demo/pred/cls/output/001485
../../../demo/pred/cls/output/001486
../../../demo/pred/cls/output/001487
../../../demo/pred/cls/output/001488
../../../demo/pred/cls/output/001489
../../../demo/pred/cls/output/001490
../../../demo/pred/cls/output/001491
../../../demo/pred/cls/output/001492
../../../demo/pred/cls/output/001493
../../../demo/pred/cls/output/001494
../../../demo/pred/cls/output/001495
../../../demo/pred/cls/output/001496
../../../demo/pred/cls/output/001497
../../../demo/pred/cls/output/001498
../../../demo/pred/cls/output/001499
../../../demo/pred/cls/output/001500
../../../demo/pred/cls/output/001501
../../../demo/pred/cls/output/001502
../../../demo/pred/cls/output/001503
../../../demo/pred/cls/output/001504
../../../demo/pred/cls/output/001505
../../../demo/pred/cls/output/001506
../../../demo/pred/cls/output/001507
../../../demo/pred/cls/output/001508
../../../demo/pred/cls/output/001509
../../../demo/pred/cls/output/001510
../../../demo/pred/cls/output/001511
../../../demo/pred/cls/output/001512
../../../demo/pred/cls/output/001513
../../../demo/pred/cls/output/001514
../../../demo/pred/cls/output/001515
../../../demo/pred/cls/output/001516
../../../demo/pred/cls/output/001517
../../../demo/pred/cls/output/001518
../../../demo/pred/cls/output/001519
../../../demo/pred/cls/output/001520
../../../demo/pred/cls/output/001521
../../../demo/pred/cls/output/001522
../../../demo/pred/cls/output/001523
../../../demo/pred/cls/output/001524
../../../demo/pred/cls/output/001525
../../../demo/pred/cls/output/001526
../../../demo/pred/cls/output/001527
../../../demo/pred/cls/output/001528
../../../demo/pred/cls/output/001529
../../../demo/pred/cls/output/001530
../../../demo/pred/cls/output/001531
../../../demo/pred/cls/output/001532
../../../demo/pred/cls/output/001533
../../../demo/pred/cls/output/001534
../../../demo/pred/cls/output/001535
../../../demo/pred/cls/output/001536
../../../demo/pred/cls/output/001537
../../../demo/pred/cls/output/001538
../../../demo/pred/cls/output/001539
../../../demo/pred/cls/output/001540
../../../demo/pred/cls/output/001541
../../../demo/pred/cls/output/001542
../../../demo/pred/cls/output/001543
../../../demo/pred/cls/output/001544
../../../demo/pred/cls/output/001545
../../../demo/pred/cls/output/001546
../../../demo/pred/cls/output/001547
../../../demo/pred/cls/output/001548
../../../demo/pred/cls/output/001549
../../../demo/pred/cls/output/001550
../../../demo/pred/cls/output/001551
../../../demo/pred/cls/output/001552
../../../demo/pred/cls/output/001553
../../../demo/pred/cls/output/001554
../../../demo/pred/cls/output/001555
../../../demo/pred/cls/output/001556
../../../demo/pred/cls/output/001557
../../../demo/pred/cls/output/001558
../../../demo/pred/cls/output/001559
../../../demo/pred/cls/output/001560
../../../demo/pred/cls/output/001561
../../../demo/pred/cls/output/001562
../../../demo/pred/cls/output/001563
../../../demo/pred/cls/output/001564
../../../demo/pred/cls/output/001565
../../../demo/pred/cls/output/001566
../../../demo/pred/cls/output/001567
../../../demo/pred/cls/output/001568
../../../demo/pred/cls/output/001569
../../../demo/pred/cls/output/001570
../../../demo/pred/cls/output/001571
../../../demo/pred/cls/output/001572
../../../demo/pred/cls/output/001573
../../../demo/pred/cls/output/001574
../../../demo/pred/cls/output/001575
../../../demo/pred/cls/output/001576
../../../demo/pred/cls/output/001577
../../../demo/pred/cls/output/001578
../../../demo/pred/cls/output/001579
../../../demo/pred/cls/output/001580
../../../demo/pred/cls/output/001581
../../../demo/pred/cls/output/001582
../../../demo/pred/cls/output/001583
../../../demo/pred/cls/output/001584
../../../demo/pred/cls/output/001585
../../../demo/pred/cls/output/001586
../../../demo/pred/cls/output/001587
../../../demo/pred/cls/output/001588
../../../demo/pred/cls/output/001589
