../../../demo/pred/loc/output/000001
../../../demo/pred/loc/output/000002
../../../demo/pred/loc/output/000003
../../../demo/pred/loc/output/000004
../../../demo/pred/loc/output/000005
../../../demo/pred/loc/output/000006
../../../demo/pred/loc/output/000007
../../../demo/pred/loc/output/000008
../../../demo/pred/loc/output/000009
../../../demo/pred/loc/output/000010
../../../demo/pred/loc/output/000011
../../../demo/pred/loc/output/000012
../../../demo/pred/loc/output/000013
../../../demo/pred/loc/output/000014
../../../demo/pred/loc/output/000015
../../../demo/pred/loc/output/000016
../../../demo/pred/loc/output/000017
../../../demo/pred/loc/output/000018
../../../demo/pred/loc/output/000019
../../../demo/pred/loc/output/000020
../../../demo/pred/loc/output/000021
../../../demo/pred/loc/output/000022
../../../demo/pred/loc/output/000023
../../../demo/pred/loc/output/000024
../../../demo/pred/loc/output/000025
../../../demo/pred/loc/output/000026
../../../demo/pred/loc/output/000027
../../../demo/pred/loc/output/000028
../../../demo/pred/loc/output/000029
../../../demo/pred/loc/output/000030
../../../demo/pred/loc/output/000031
../../../demo/pred/loc/output/000032
../../../demo/pred/loc/output/000033
../../../demo/pred/loc/output/000034
../../../demo/pred/loc/output/000035
../../../demo/pred/loc/output/000036
../../../demo/pred/loc/output/000037
../../../demo/pred/loc/output/000038
../../../demo/pred/loc/output/000039
../../../demo/pred/loc/output/000040
../../../demo/pred/loc/output/000041
../../../demo/pred/loc/output/000042
../../../demo/pred/loc/output/000043
../../../demo/pred/loc/output/000044
../../../demo/pred/loc/output/000045
../../../demo/pred/loc/output/000046
../../../demo/pred/loc/output/000047
../../../demo/pred/loc/output/000048
../../../demo/pred/loc/output/000049
../../../demo/pred/loc/output/000050
../../../demo/pred/loc/output/000051
../../../demo/pred/loc/output/000052
../../../demo/pred/loc/output/000053
../../../demo/pred/loc/output/000054
../../../demo/pred/loc/output/000055
../../../demo/pred/loc/output/000056
../../../demo/pred/loc/output/000057
../../../demo/pred/loc/output/000058
../../../demo/pred/loc/output/000059
../../../demo/pred/loc/output/000060
../../../demo/pred/loc/output/000061
../../../demo/pred/loc/output/000062
../../../demo/pred/loc/output/000063
../../../demo/pred/loc/output/000064
../../../demo/pred/loc/output/000065
../../../demo/pred/loc/output/000066
../../../demo/pred/loc/output/000067
../../../demo/pred/loc/output/000068
../../../demo/pred/loc/output/000069
../../../demo/pred/loc/output/000070
../../../demo/pred/loc/output/000071
../../../demo/pred/loc/output/000072
../../../demo/pred/loc/output/000073
../../../demo/pred/loc/output/000074
../../../demo/pred/loc/output/000075
../../../demo/pred/loc/output/000076
../../../demo/pred/loc/output/000077
../../../demo/pred/loc/output/000078
../../../demo/pred/loc/output/000079
../../../demo/pred/loc/output/000080
../../../demo/pred/loc/output/000081
../../../demo/pred/loc/output/000082
../../../demo/pred/loc/output/000083
../../../demo/pred/loc/output/000084
../../../demo/pred/loc/output/000085
../../../demo/pred/loc/output/000086
../../../demo/pred/loc/output/000087
../../../demo/pred/loc/output/000088
../../../demo/pred/loc/output/000089
../../../demo/pred/loc/output/000090
../../../demo/pred/loc/output/000091
../../../demo/pred/loc/output/000092
../../../demo/pred/loc/output/000093
../../../demo/pred/loc/output/000094
../../../demo/pred/loc/output/000095
../../../demo/pred/loc/output/000096
../../../demo/pred/loc/output/000097
../../../demo/pred/loc/output/000098
../../../demo/pred/loc/output/000099
../../../demo/pred/loc/output/000100
../../../demo/pred/loc/output/000101
../../../demo/pred/loc/output/000102
../../../demo/pred/loc/output/000103
../../../demo/pred/loc/output/000104
../../../demo/pred/loc/output/000105
../../../demo/pred/loc/output/000106
../../../demo/pred/loc/output/000107
../../../demo/pred/loc/output/000108
../../../demo/pred/loc/output/000109
../../../demo/pred/loc/output/000110
../../../demo/pred/loc/output/000111
../../../demo/pred/loc/output/000112
../../../demo/pred/loc/output/000113
../../../demo/pred/loc/output/000114
../../../demo/pred/loc/output/000115
../../../demo/pred/loc/output/000116
../../../demo/pred/loc/output/000117
../../../demo/pred/loc/output/000118
../../../demo/pred/loc/output/000119
../../../demo/pred/loc/output/000120
../../../demo/pred/loc/output/000121
../../../demo/pred/loc/output/000122
../../../demo/pred/loc/output/000123
../../../demo/pred/loc/output/000124
../../../demo/pred/loc/output/000125
../../../demo/pred/loc/output/000126
../../../demo/pred/loc/output/000127
../../../demo/pred/loc/output/000128
../../../demo/pred/loc/output/000129
../../../demo/pred/loc/output/000130
../../../demo/pred/loc/output/000131
../../../demo/pred/loc/output/000132
../../../demo/pred/loc/output/000133
../../../demo/pred/loc/output/000134
../../../demo/pred/loc/output/000135
../../../demo/pred/loc/output/000136
../../../demo/pred/loc/output/000137
../../../demo/pred/loc/output/000138
../../../demo/pred/loc/output/000139
../../../demo/pred/loc/output/000140
../../../demo/pred/loc/output/000141
../../../demo/pred/loc/output/000142
../../../demo/pred/loc/output/000143
../../../demo/pred/loc/output/000144
../../../demo/pred/loc/output/000145
../../../demo/pred/loc/output/000146
../../../demo/pred/loc/output/000147
../../../demo/pred/loc/output/000148
../../../demo/pred/loc/output/000149
../../../demo/pred/loc/output/000150
../../../demo/pred/loc/output/000151
../../../demo/pred/loc/output/000152
../../../demo/pred/loc/output/000153
../../../demo/pred/loc/output/000154
../../../demo/pred/loc/output/000155
../../../demo/pred/loc/output/000156
../../../demo/pred/loc/output/000157
../../../demo/pred/loc/output/000158
../../../demo/pred/loc/output/000159
../../../demo/pred/loc/output/000160
../../../demo/pred/loc/output/000161
../../../demo/pred/loc/output/000162
../../../demo/pred/loc/output/000163
../../../demo/pred/loc/output/000164
../../../demo/pred/loc/output/000165
../../../demo/pred/loc/output/000166
../../../demo/pred/loc/output/000167
../../../demo/pred/loc/output/000168
../../../demo/pred/loc/output/000169
../../../demo/pred/loc/output/000170
../../../demo/pred/loc/output/000171
../../../demo/pred/loc/output/000172
../../../demo/pred/loc/output/000173
../../../demo/pred/loc/output/000174
../../../demo/pred/loc/output/000175
../../../demo/pred/loc/output/000176
../../../demo/pred/loc/output/000177
../../../demo/pred/loc/output/000178
../../../demo/pred/loc/output/000179
../../../demo/pred/loc/output/000180
../../../demo/pred/loc/output/000181
../../../demo/pred/loc/output/000182
../../../demo/pred/loc/output/000183
../../../demo/pred/loc/output/000184
../../../demo/pred/loc/output/000185
../../../demo/pred/loc/output/000186
../../../demo/pred/loc/output/000187
../../../demo/pred/loc/output/000188
../../../demo/pred/loc/output/000189
../../../demo/pred/loc/output/000190
../../../demo/pred/loc/output/000191
../../../demo/pred/loc/output/000192
../../../demo/pred/loc/output/000193
../../../demo/pred/loc/output/000194
../../../demo/pred/loc/output/000195
../../../demo/pred/loc/output/000196
../../../demo/pred/loc/output/000197
../../../demo/pred/loc/output/000198
../../../demo/pred/loc/output/000199
../../../demo/pred/loc/output/000200
../../../demo/pred/loc/output/000201
../../../demo/pred/loc/output/000202
../../../demo/pred/loc/output/000203
../../../demo/pred/loc/output/000204
../../../demo/pred/loc/output/000205
../../../demo/pred/loc/output/000206
../../../demo/pred/loc/output/000207
../../../demo/pred/loc/output/000208
../../../demo/pred/loc/output/000209
../../../demo/pred/loc/output/000210
../../../demo/pred/loc/output/000211
../../../demo/pred/loc/output/000212
../../../demo/pred/loc/output/000213
../../../demo/pred/loc/output/000214
../../../demo/pred/loc/output/000215
../../../demo/pred/loc/output/000216
../../../demo/pred/loc/output/000217
../../../demo/pred/loc/output/000218
../../../demo/pred/loc/output/000219
../../../demo/pred/loc/output/000220
../../../demo/pred/loc/output/000221
../../../demo/pred/loc/output/000222
../../../demo/pred/loc/output/000223
../../../demo/pred/loc/output/000224
../../../demo/pred/loc/output/000225
../../../demo/pred/loc/output/000226
../../../demo/pred/loc/output/000227
../../../demo/pred/loc/output/000228
../../../demo/pred/loc/output/000229
../../../demo/pred/loc/output/000230
../../../demo/pred/loc/output/000231
../../../demo/pred/loc/output/000232
../../../demo/pred/loc/output/000233
../../../demo/pred/loc/output/000234
../../../demo/pred/loc/output/000235
../../../demo/pred/loc/output/000236
../../../demo/pred/loc/output/000237
../../../demo/pred/loc/output/000238
../../../demo/pred/loc/output/000239
../../../demo/pred/loc/output/000240
../../../demo/pred/loc/output/000241
../../../demo/pred/loc/output/000242
../../../demo/pred/loc/output/000243
../../../demo/pred/loc/output/000244
../../../demo/pred/loc/output/000245
../../../demo/pred/loc/output/000246
../../../demo/pred/loc/output/000247
../../../demo/pred/loc/output/000248
../../../demo/pred/loc/output/000249
../../../demo/pred/loc/output/000250
../../../demo/pred/loc/output/000251
../../../demo/pred/loc/output/000252
../../../demo/pred/loc/output/000253
../../../demo/pred/loc/output/000254
../../../demo/pred/loc/output/000255
../../../demo/pred/loc/output/000256
../../../demo/pred/loc/output/000257
../../../demo/pred/loc/output/000258
../../../demo/pred/loc/output/000259
../../../demo/pred/loc/output/000260
../../../demo/pred/loc/output/000261
../../../demo/pred/loc/output/000262
../../../demo/pred/loc/output/000263
../../../demo/pred/loc/output/000264
../../../demo/pred/loc/output/000265
../../../demo/pred/loc/output/000266
../../../demo/pred/loc/output/000267
../../../demo/pred/loc/output/000268
../../../demo/pred/loc/output/000269
../../../demo/pred/loc/output/000270
../../../demo/pred/loc/output/000271
../../../demo/pred/loc/output/000272
../../../demo/pred/loc/output/000273
../../../demo/pred/loc/output/000274
../../../demo/pred/loc/output/000275
../../../demo/pred/loc/output/000276
../../../demo/pred/loc/output/000277
../../../demo/pred/loc/output/000278
../../../demo/pred/loc/output/000279
../../../demo/pred/loc/output/000280
../../../demo/pred/loc/output/000281
../../../demo/pred/loc/output/000282
../../../demo/pred/loc/output/000283
../../../demo/pred/loc/output/000284
../../../demo/pred/loc/output/000285
../../../demo/pred/loc/output/000286
../../../demo/pred/loc/output/000287
../../../demo/pred/loc/output/000288
../../../demo/pred/loc/output/000289
../../../demo/pred/loc/output/000290
../../../demo/pred/loc/output/000291
../../../demo/pred/loc/output/000292
../../../demo/pred/loc/output/000293
../../../demo/pred/loc/output/000294
../../../demo/pred/loc/output/000295
../../../demo/pred/loc/output/000296
../../../demo/pred/loc/output/000297
../../../demo/pred/loc/output/000298
../../../demo/pred/loc/output/000299
../../../demo/pred/loc/output/000300
../../../demo/pred/loc/output/000301
../../../demo/pred/loc/output/000302
../../../demo/pred/loc/output/000303
../../../demo/pred/loc/output/000304
../../../demo/pred/loc/output/000305
../../../demo/pred/loc/output/000306
../../../demo/pred/loc/output/000307
../../../demo/pred/loc/output/000308
../../../demo/pred/loc/output/000309
../../../demo/pred/loc/output/000310
../../../demo/pred/loc/output/000311
../../../demo/pred/loc/output/000312
../../../demo/pred/loc/output/000313
../../../demo/pred/loc/output/000314
../../../demo/pred/loc/output/000315
../../../demo/pred/loc/output/000316
